// Vitest Snapshot v1, https://vitest.dev/guide/snapshot.html

exports[`Homepage component > Renders Homepage with hero image, company logo, and nav button 1`] = `
<div>
  <div
    class="_layout_1f8969"
  >
    <nav
      class="_nav_1f8969"
    >
      <img
        alt=""
        class="_headerIcon_1f8969"
        src="/src/assets/header-icon.png"
      />
      <img
        alt=""
        class="_logo_1f8969"
        src="/src/assets/logo.svg"
      />
      <a
        class="_navButton_1f8969"
        data-discover="true"
        href="/storefront"
      >
        TAKE CONTROL
      </a>
    </nav>
    <img
      alt="Mecha schematics"
      class="_hero_1f8969"
      src="/src/assets/hero.png"
    />
    <img
      alt="Space probe"
      class="_probe_1f8969"
      src="/src/assets/probe.png"
    />
  </div>
</div>
`;
