// Vitest Snapshot v1, https://vitest.dev/guide/snapshot.html

exports[`Storefront component > Renders header, shop, shop items, and cart 1`] = `
<div>
  <div
    class="_layout_5546c3"
  >
    <header>
      I am a header
    </header>
    <main>
      <header
        class="_shopHeader_5546c3"
      >
        <h2
          class="_shopHeaderTitle_5546c3"
        >
          SHOP
        </h2>
      </header>
      <section
        class="_shop_5546c3"
      >
        <div
          data-testid="card"
        >
          I am a card
        </div>
        <div
          data-testid="card"
        >
          I am a card
        </div>
        <div
          data-testid="card"
        >
          I am a card
        </div>
        <div
          data-testid="card"
        >
          I am a card
        </div>
        <div
          data-testid="card"
        >
          I am a card
        </div>
      </section>
    </main>
    <footer>
      I am a footer
    </footer>
    <aside>
      I am a cart
    </aside>
  </div>
</div>
`;
